test_deterministic_map_order (test_cbor_cose.CBORTests.test_deterministic_map_order) ... ok
test_duplicate_map_key_rejected (test_cbor_cose.CBORTests.test_duplicate_map_key_rejected) ... ok
test_float_rejected (test_cbor_cose.CBORTests.test_float_rejected) ... ok
test_indefinite_array_rejected (test_cbor_cose.CBORTests.test_indefinite_array_rejected) ... ok
test_invalid_utf8_rejected (test_cbor_cose.CBORTests.test_invalid_utf8_rejected) ... ok
test_nondeterministic_map_order_rejected (test_cbor_cose.CBORTests.test_nondeterministic_map_order_rejected) ... ok
test_nonminimal_uint8_rejected (test_cbor_cose.CBORTests.test_nonminimal_uint8_rejected) ... ok
test_round_trip_primitives (test_cbor_cose.CBORTests.test_round_trip_primitives) ... ok
test_tag_rejected (test_cbor_cose.CBORTests.test_tag_rejected) ... ok
test_trailing_data_rejected (test_cbor_cose.CBORTests.test_trailing_data_rejected) ... ok
test_truncated_bytes_rejected (test_cbor_cose.CBORTests.test_truncated_bytes_rejected) ... ok
test_uint64_max_roundtrip (test_cbor_cose.CBORTests.test_uint64_max_roundtrip) ... ok
test_uint64_overflow_rejected (test_cbor_cose.CBORTests.test_uint64_overflow_rejected) ... ok
test_unsupported_python_float_dump_rejected (test_cbor_cose.CBORTests.test_unsupported_python_float_dump_rejected) ... ok
test_empty_kid_rejected (test_cbor_cose.COSETests.test_empty_kid_rejected) ... ok
test_long_kid_rejected (test_cbor_cose.COSETests.test_long_kid_rejected) ... ok
test_malformed_array_rejected (test_cbor_cose.COSETests.test_malformed_array_rejected) ... ok
test_nonbytes_payload_rejected (test_cbor_cose.COSETests.test_nonbytes_payload_rejected) ... ok
test_tampered_payload_rejected (test_cbor_cose.COSETests.test_tampered_payload_rejected) ... ok
test_tampered_signature_rejected (test_cbor_cose.COSETests.test_tampered_signature_rejected) ... ok
test_unknown_kid_rejected (test_cbor_cose.COSETests.test_unknown_kid_rejected) ... ok
test_unprotected_header_rejected (test_cbor_cose.COSETests.test_unprotected_header_rejected) ... ok
test_valid_signature (test_cbor_cose.COSETests.test_valid_signature) ... ok
test_wrong_public_key_rejected (test_cbor_cose.COSETests.test_wrong_public_key_rejected) ... ok
test_challenge_boundary_rejected (test_challenge_presentation_schema.ChallengePresentationSchemaTests.test_challenge_boundary_rejected) ... ok
test_challenge_cap_id_rejected (test_challenge_presentation_schema.ChallengePresentationSchemaTests.test_challenge_cap_id_rejected) ... ok
test_challenge_capability_digest_rejected (test_challenge_presentation_schema.ChallengePresentationSchemaTests.test_challenge_capability_digest_rejected) ... ok
test_challenge_channel_binding_digest_rejected (test_challenge_presentation_schema.ChallengePresentationSchemaTests.test_challenge_channel_binding_digest_rejected) ... ok
test_challenge_effect_commitment_rejected (test_challenge_presentation_schema.ChallengePresentationSchemaTests.test_challenge_effect_commitment_rejected) ... ok
test_challenge_extra_field_rejected (test_challenge_presentation_schema.ChallengePresentationSchemaTests.test_challenge_extra_field_rejected) ... ok
test_challenge_missing_field_rejected (test_challenge_presentation_schema.ChallengePresentationSchemaTests.test_challenge_missing_field_rejected) ... ok
test_challenge_sink_rejected (test_challenge_presentation_schema.ChallengePresentationSchemaTests.test_challenge_sink_rejected) ... ok
test_presentation_extra_field_rejected (test_challenge_presentation_schema.ChallengePresentationSchemaTests.test_presentation_extra_field_rejected) ... ok
test_presentation_missing_field_rejected (test_challenge_presentation_schema.ChallengePresentationSchemaTests.test_presentation_missing_field_rejected) ... ok
test_presentation_wrong_boundary_rejected (test_challenge_presentation_schema.ChallengePresentationSchemaTests.test_presentation_wrong_boundary_rejected) ... ok
test_presentation_wrong_cap_digest_rejected (test_challenge_presentation_schema.ChallengePresentationSchemaTests.test_presentation_wrong_cap_digest_rejected) ... ok
test_presentation_wrong_challenge_id_rejected (test_challenge_presentation_schema.ChallengePresentationSchemaTests.test_presentation_wrong_challenge_id_rejected) ... ok
test_presentation_wrong_challenge_nonce_rejected (test_challenge_presentation_schema.ChallengePresentationSchemaTests.test_presentation_wrong_challenge_nonce_rejected) ... ok
test_presentation_wrong_channel_binding_rejected (test_challenge_presentation_schema.ChallengePresentationSchemaTests.test_presentation_wrong_channel_binding_rejected) ... ok
test_presentation_wrong_effect_commitment_rejected (test_challenge_presentation_schema.ChallengePresentationSchemaTests.test_presentation_wrong_effect_commitment_rejected) ... ok
test_presentation_wrong_sink_rejected (test_challenge_presentation_schema.ChallengePresentationSchemaTests.test_presentation_wrong_sink_rejected) ... ok
test_authority_expired_rejected (test_hardened_finality.HardenedFinalityTests.test_authority_expired_rejected) ... ok
test_capability_replay_rejected (test_hardened_finality.HardenedFinalityTests.test_capability_replay_rejected) ... ok
test_challenge_expiry_rejected (test_hardened_finality.HardenedFinalityTests.test_challenge_expiry_rejected) ... ok
test_concurrent_same_capability_one_commit (test_hardened_finality.HardenedFinalityTests.test_concurrent_same_capability_one_commit) ... ok
test_duplicate_act_id_with_new_nonce_rejected_at_issuance (test_hardened_finality.HardenedFinalityTests.test_duplicate_act_id_with_new_nonce_rejected_at_issuance) ... ok
test_empty_act_id_rejected (test_hardened_finality.HardenedFinalityTests.test_empty_act_id_rejected) ... ok
test_empty_session_rejected (test_hardened_finality.HardenedFinalityTests.test_empty_session_rejected) ... ok
test_exact_authority_expiry_allowed (test_hardened_finality.HardenedFinalityTests.test_exact_authority_expiry_allowed) ... ok
test_fresh_challenge_required (test_hardened_finality.HardenedFinalityTests.test_fresh_challenge_required) ... ok
test_future_candidate_denied_by_validator (test_hardened_finality.HardenedFinalityTests.test_future_candidate_denied_by_validator) ... ok
test_independent_capabilities_both_commit (test_hardened_finality.HardenedFinalityTests.test_independent_capabilities_both_commit) ... ok
test_invalid_challenge_ttl_rejected (test_hardened_finality.HardenedFinalityTests.test_invalid_challenge_ttl_rejected) ... ok
test_missing_channel_binding_rejected_at_challenge (test_hardened_finality.HardenedFinalityTests.test_missing_channel_binding_rejected_at_challenge) ... ok
test_missing_channel_binding_rejected_at_finalize (test_hardened_finality.HardenedFinalityTests.test_missing_channel_binding_rejected_at_finalize) ... ok
test_policy_change_after_challenge_rejected (test_hardened_finality.HardenedFinalityTests.test_policy_change_after_challenge_rejected) ... ok
test_policy_content_change_without_epoch_rejected (test_hardened_finality.HardenedFinalityTests.test_policy_content_change_without_epoch_rejected) ... ok
test_revocation_after_challenge_rejected (test_hardened_finality.HardenedFinalityTests.test_revocation_after_challenge_rejected) ... ok
test_success (test_hardened_finality.HardenedFinalityTests.test_success) ... ok
test_user_intent_false_denied (test_hardened_finality.HardenedFinalityTests.test_user_intent_false_denied) ... ok
test_wrong_act_id_rejected (test_hardened_finality.HardenedFinalityTests.test_wrong_act_id_rejected) ... ok
test_wrong_action_rejected (test_hardened_finality.HardenedFinalityTests.test_wrong_action_rejected) ... ok
test_wrong_boundary_rejected (test_hardened_finality.HardenedFinalityTests.test_wrong_boundary_rejected) ... ok
test_wrong_channel_binding_rejected (test_hardened_finality.HardenedFinalityTests.test_wrong_channel_binding_rejected) ... ok
test_wrong_destination_app_rejected (test_hardened_finality.HardenedFinalityTests.test_wrong_destination_app_rejected) ... ok
test_wrong_destination_rejected (test_hardened_finality.HardenedFinalityTests.test_wrong_destination_rejected) ... ok
test_wrong_nonce_rejected (test_hardened_finality.HardenedFinalityTests.test_wrong_nonce_rejected) ... ok
test_wrong_policy_epoch_rejected (test_hardened_finality.HardenedFinalityTests.test_wrong_policy_epoch_rejected) ... ok
test_wrong_requester_key_rejected (test_hardened_finality.HardenedFinalityTests.test_wrong_requester_key_rejected) ... ok
test_wrong_resource_rejected (test_hardened_finality.HardenedFinalityTests.test_wrong_resource_rejected) ... ok
test_wrong_revocation_epoch_rejected (test_hardened_finality.HardenedFinalityTests.test_wrong_revocation_epoch_rejected) ... ok
test_wrong_security_epoch_rejected (test_hardened_finality.HardenedFinalityTests.test_wrong_security_epoch_rejected) ... ok
test_wrong_session_rejected (test_hardened_finality.HardenedFinalityTests.test_wrong_session_rejected) ... ok
test_wrong_sink_rejected (test_hardened_finality.HardenedFinalityTests.test_wrong_sink_rejected) ... ok
test_wrong_user_intent_digest_rejected (test_hardened_finality.HardenedFinalityTests.test_wrong_user_intent_digest_rejected) ... ok
test_limitation_plain_sqlite_snapshot_rollback_can_restore_consumability (test_known_limitations.KnownLimitations.test_limitation_plain_sqlite_snapshot_rollback_can_restore_consumability) ... ok
test_cap_boundary_crosscheck (test_strict_signed_fields.StrictSignedFieldTests.test_cap_boundary_crosscheck) ... ok
test_cap_expiry_crosscheck (test_strict_signed_fields.StrictSignedFieldTests.test_cap_expiry_crosscheck) ... ok
test_cap_extra_field_rejected (test_strict_signed_fields.StrictSignedFieldTests.test_cap_extra_field_rejected) ... ok
test_cap_future_issue_time_rejected (test_strict_signed_fields.StrictSignedFieldTests.test_cap_future_issue_time_rejected) ... ok
test_cap_missing_field_rejected (test_strict_signed_fields.StrictSignedFieldTests.test_cap_missing_field_rejected) ... ok
test_cap_nonce_crosscheck (test_strict_signed_fields.StrictSignedFieldTests.test_cap_nonce_crosscheck) ... ok
test_cap_policy_epoch_crosscheck (test_strict_signed_fields.StrictSignedFieldTests.test_cap_policy_epoch_crosscheck) ... ok
test_cap_requester_crosscheck (test_strict_signed_fields.StrictSignedFieldTests.test_cap_requester_crosscheck) ... ok
test_cap_revocation_epoch_crosscheck (test_strict_signed_fields.StrictSignedFieldTests.test_cap_revocation_epoch_crosscheck) ... ok
test_cap_security_epoch_crosscheck (test_strict_signed_fields.StrictSignedFieldTests.test_cap_security_epoch_crosscheck) ... ok
test_cap_sink_crosscheck (test_strict_signed_fields.StrictSignedFieldTests.test_cap_sink_crosscheck) ... ok
test_cap_use_count_must_be_one (test_strict_signed_fields.StrictSignedFieldTests.test_cap_use_count_must_be_one) ... ok
test_lavr_boundary_crosscheck (test_strict_signed_fields.StrictSignedFieldTests.test_lavr_boundary_crosscheck) ... ok
test_lavr_capability_validation_time_must_match (test_strict_signed_fields.StrictSignedFieldTests.test_lavr_capability_validation_time_must_match) ... ok
test_lavr_extra_field_rejected (test_strict_signed_fields.StrictSignedFieldTests.test_lavr_extra_field_rejected) ... ok
test_lavr_missing_field_rejected (test_strict_signed_fields.StrictSignedFieldTests.test_lavr_missing_field_rejected) ... ok
test_lavr_nonce_crosscheck (test_strict_signed_fields.StrictSignedFieldTests.test_lavr_nonce_crosscheck) ... ok
test_lavr_policy_epoch_crosscheck (test_strict_signed_fields.StrictSignedFieldTests.test_lavr_policy_epoch_crosscheck) ... ok
test_lavr_predicates_required (test_strict_signed_fields.StrictSignedFieldTests.test_lavr_predicates_required) ... ok
test_lavr_requester_crosscheck (test_strict_signed_fields.StrictSignedFieldTests.test_lavr_requester_crosscheck) ... ok
test_lavr_revocation_epoch_crosscheck (test_strict_signed_fields.StrictSignedFieldTests.test_lavr_revocation_epoch_crosscheck) ... ok
test_lavr_security_epoch_crosscheck (test_strict_signed_fields.StrictSignedFieldTests.test_lavr_security_epoch_crosscheck) ... ok
test_lavr_sink_crosscheck (test_strict_signed_fields.StrictSignedFieldTests.test_lavr_sink_crosscheck) ... ok
test_validator_kid_mismatch_rejected (test_strict_signed_fields.StrictSignedFieldTests.test_validator_kid_mismatch_rejected) ... ok

----------------------------------------------------------------------
Ran 100 tests in 0.294s

OK
